\BOOKMARK [1][-]{section.1}{\376\377\000I\000n\000t\000r\000o\000d\000u\000c\000t\000i\000o\000n}{}% 1
\BOOKMARK [1][-]{section.2}{\376\377\000C\000o\000n\000t\000r\000a\000i\000n\000t\000e\000s}{}% 2
\BOOKMARK [1][-]{section.3}{\376\377\000O\000b\000j\000e\000c\000t\000i\000f\000s\000\040\000d\000u\000\040\000p\000r\000o\000j\000e\000t}{}% 3
\BOOKMARK [2][-]{subsection.3.1}{\376\377\000M\000\351\000c\000a\000n\000i\000q\000u\000e\000\040\000d\000e\000\040\000g\000a\000m\000e\000p\000l\000a\000y}{section.3}% 4
\BOOKMARK [2][-]{subsection.3.2}{\376\377\000I\000n\000s\000p\000i\000r\000a\000t\000i\000o\000n}{section.3}% 5
\BOOKMARK [1][-]{section.4}{\376\377\000D\000i\000a\000g\000r\000a\000m\000m\000e\000\040\000d\000e\000\040\000c\000l\000a\000s\000s\000e\000s}{}% 6
\BOOKMARK [1][-]{section.5}{\376\377\000R\000\351\000s\000u\000m\000\351\000\040\000d\000'\000a\000c\000t\000i\000v\000i\000t\000\351\000\040\000d\000e\000s\000\040\000s\000e\000m\000a\000i\000n\000e\000s\000\040\0003\0008\000-\0003\0009}{}% 7
\BOOKMARK [1][-]{section.6}{\376\377\000A\000l\000e\000x\000a\000n\000d\000r\000e\000\040\000T\000E\000C\000H\000E\000R}{}% 8
\BOOKMARK [2][-]{subsection.6.1}{\376\377\000C\000l\000a\000s\000s\000e\000s}{section.6}% 9
\BOOKMARK [3][-]{subsubsection.6.1.1}{\376\377\000C\000l\000a\000s\000s\000e\000\040\000E\000n\000e\000m\000y}{subsection.6.1}% 10
\BOOKMARK [2][-]{subsection.6.2}{\376\377\000C\000l\000a\000s\000s\000e\000\040\000T\000o\000w\000e\000r}{section.6}% 11
\BOOKMARK [2][-]{subsection.6.3}{\376\377\000C\000l\000a\000s\000s\000e\000\040\000P\000a\000t\000h\000f\000i\000n\000d\000i\000n\000g\000\040\000A\000S\000t\000a\000r}{section.6}% 12
\BOOKMARK [2][-]{subsection.6.4}{\376\377\000D\000i\000f\000f\000i\000c\000u\000l\000\351\000s\000\040\000r\000e\000n\000c\000o\000n\000t\000r\000\351\000e\000s}{section.6}% 13
\BOOKMARK [2][-]{subsection.6.5}{\376\377\000P\000i\000s\000t\000e\000s\000\040\000d\000'\000a\000m\000\351\000l\000i\000o\000r\000a\000t\000i\000o\000n}{section.6}% 14
\BOOKMARK [1][-]{section.7}{\376\377\000E\000n\000z\000o\000\040\000C\000H\000A\000D\000E\000V\000I\000L\000L\000E}{}% 15
\BOOKMARK [2][-]{subsection.7.1}{\376\377\000L\000e\000s\000\040\000c\000l\000a\000s\000s\000e\000s}{section.7}% 16
\BOOKMARK [2][-]{subsection.7.2}{\376\377\000L\040\031\000a\000f\000f\000i\000c\000h\000a\000g\000e}{section.7}% 17
\BOOKMARK [2][-]{subsection.7.3}{\376\377\000G\000e\000s\000t\000i\000o\000n\000\040\000d\000u\000\040\000j\000e\000u}{section.7}% 18
\BOOKMARK [2][-]{subsection.7.4}{\376\377\000P\000r\000o\000g\000r\000e\000s\000s\000i\000o\000n\000\040\000p\000e\000r\000s\000o\000n\000n\000e\000l\000l\000e}{section.7}% 19
\BOOKMARK [1][-]{section.8}{\376\377\000C\000o\000n\000c\000l\000u\000s\000i\000o\000n\000\040\000d\000e\000s\000\040\000s\000e\000m\000a\000i\000n\000e\000s\000\040\0003\0008\000-\0003\0009}{}% 20
